{
  "computational_method": "https://dockstore.org/workflows/github.com/broadinstitute/warp/Optimus:Optimus_v4.2.3",
  "describedBy": "https://schema.humancellatlas.org/type/protocol/analysis/9.1.0/analysis_protocol",
  "protocol_core": {
    "protocol_id": "Optimus_v4.2.3"
  },
  "provenance": {
    "document_id": "61223a2e-a775-53f4-8aab-fc3b4ef88722",
    "submission_date": "2021-05-24T12:00:00.000000Z"
  },
  "schema_type": "protocol",
  "schema_version": "9.1.0",
  "type": {
    "text": "analysis_protocol"
  }
}