{
  "content_type": "application/octet-stream",
  "crc32c": "2a3433fb",
  "describedBy": "https://schema.humancellatlas.org/system/2.0.0/file_descriptor",
  "file_id": "551fe2e2-6694-521b-9b60-293b51ab1e48",
  "file_name": "0244354d-cf37-4483-8db3-425b7e504ca6_qc.bam",
  "file_version": "2021-10-14T18:47:57.000000Z",
  "schema_type": "file_descriptor",
  "schema_version": "2.0.0",
  "sha256": "1d7038c19c5961ee8f956330af0dd24ecd0407eb14aa21e4c1c9bbad47468500",
  "size": 791383592
}